// Jest Snapshot v1, https://goo.gl/fbAQLP

exports[`Calculator component Matches Snapshots 1`] = `
<div
  className="calculator"
>
  <div
    className="display"
  >
    <span
      className="results"
      data-testid="total"
    >
      0
    </span>
    <span
      className="operation"
    />
    <span
      className="next"
    />
  </div>
  <div
    className="buttons"
  >
    <div
      className="digits"
    >
      <button
        onClick={[Function]}
        type="button"
      >
        AC
      </button>
      <button
        onClick={[Function]}
        type="button"
      >
        +/-
      </button>
      <button
        onClick={[Function]}
        type="button"
      >
        %
      </button>
      <button
        onClick={[Function]}
        type="button"
      >
        1
      </button>
      <button
        onClick={[Function]}
        type="button"
      >
        2
      </button>
      <button
        onClick={[Function]}
        type="button"
      >
        3
      </button>
      <button
        onClick={[Function]}
        type="button"
      >
        4
      </button>
      <button
        onClick={[Function]}
        type="button"
      >
        5
      </button>
      <button
        onClick={[Function]}
        type="button"
      >
        6
      </button>
      <button
        onClick={[Function]}
        type="button"
      >
        7
      </button>
      <button
        onClick={[Function]}
        type="button"
      >
        8
      </button>
      <button
        onClick={[Function]}
        type="button"
      >
        9
      </button>
      <button
        className="span-row"
        onClick={[Function]}
        type="button"
      >
        0
      </button>
      <button
        className="s"
        onClick={[Function]}
        type="button"
      >
        .
      </button>
    </div>
    <div
      className="operators"
    >
      <button
        className="operator"
        onClick={[Function]}
        type="button"
      >
        รท
      </button>
      <button
        className="operator"
        onClick={[Function]}
        type="button"
      >
        +
      </button>
      <button
        className="operator"
        onClick={[Function]}
        type="button"
      >
        -
      </button>
      <button
        className="operator"
        onClick={[Function]}
        type="button"
      >
        x
      </button>
      <button
        className="operator"
        onClick={[Function]}
        type="button"
      >
        =
      </button>
    </div>
  </div>
</div>
`;

exports[`Home component Matches Snapshots 1`] = `
Array [
  <h1>
    Welcome
  </h1>,
  <p>
    It is a long established fact that a reader will be distracted by the readable content of a page when looking at its layout. The point of using Lorem Ipsum is that it has a more-or-less normal distribution of letters, as opposed to using Content here, content here, making it look like readable English. Many desktop publishing packages and web page editors now use Lorem Ipsum as their default model text, and a search for lorem ipsum will uncover many web sites still in their infancy. Various versions have evolved over the years, sometimes by accident, sometimes on purpose (injected humour and the like).
  </p>,
]
`;

exports[`Quotes component Matches Snapshots 1`] = `
Array [
  <h1>
    Where can I get some
  </h1>,
  <p>
    It is a long established fact that a reader will be distracted by the readable content of a page when looking at its layout. The point of using Lorem Ipsum is that it has a more-or-less normal distribution of letters, as opposed to using Content here, content here, making it look like readable English. Many desktop publishing packages and web page editors now use Lorem Ipsum as their default model text, and a search for lorem ipsum will uncover many web sites still in their infancy. Various versions have evolved over the years, sometimes by accident, sometimes on purpose (injected humour and the like).
  </p>,
]
`;
